Archive member included to satisfy reference by file (symbol)

c:/program files/microchip/xc8/v2.36/avr/bin/../lib/gcc/avr/5.4.0/avr5/memx-const\libgcc.a(_tablejump2.o)
                              1-MCAL/TIMER/TIMER.o (__tablejump2__)
c:/program files/microchip/xc8/v2.36/avr/bin/../lib/gcc/avr/5.4.0/avr5/memx-const\libgcc.a(_copy_data.o)
                              3-APP/app.o (__do_clear_bss)
c:/program files/microchip/xc8/v2.36/avr/bin/../lib/gcc/avr/5.4.0/../../../../avr/lib/avr5/memx-const\libc.a(exit.o)
                              C:/Program Files (x86)/Atmel/Studio/7.0/Packs/atmel/ATmega_DFP/1.7.374/xc8/avr/lib/avr5/memx-const/crtatmega32.o (exit)
c:/program files/microchip/xc8/v2.36/avr/bin/../lib/gcc/avr/5.4.0/../../../../avr/lib/avr5/memx-const\libc.a(_Exit.o)
                              c:/program files/microchip/xc8/v2.36/avr/bin/../lib/gcc/avr/5.4.0/../../../../avr/lib/avr5/memx-const\libc.a(exit.o) (_Exit)
c:/program files/microchip/xc8/v2.36/avr/bin/../lib/gcc/avr/5.4.0/avr5/memx-const\libgcc.a(_exit.o)
                              c:/program files/microchip/xc8/v2.36/avr/bin/../lib/gcc/avr/5.4.0/../../../../avr/lib/avr5/memx-const\libc.a(_Exit.o) (_exit)

Allocating common symbols
Common symbol       size              file

appMode             0x1               3-APP/app.o
activePedLight      0x1               3-APP/app.o
errLed              0x3               3-APP/app.o
carGreenLed         0x3               3-APP/app.o
pedSwPressed        0x1               3-APP/app.o
pedYellowLed        0x3               3-APP/app.o
pedRedLed           0x3               3-APP/app.o
carYellowLed        0x3               3-APP/app.o
carRedLed           0x3               3-APP/app.o
activeCarLight      0x1               3-APP/app.o
pedGreenLed         0x3               3-APP/app.o
pedSw               0x5               3-APP/app.o

Discarded input sections

 .data          0x0000000000000000        0x0 C:/Program Files (x86)/Atmel/Studio/7.0/Packs/atmel/ATmega_DFP/1.7.374/xc8/avr/lib/avr5/memx-const/crtatmega32.o
 .bss           0x0000000000000000        0x0 C:/Program Files (x86)/Atmel/Studio/7.0/Packs/atmel/ATmega_DFP/1.7.374/xc8/avr/lib/avr5/memx-const/crtatmega32.o
 .text          0x0000000000000000        0x0 1-MCAL/DIO/DIO.o
 .data          0x0000000000000000        0x0 1-MCAL/DIO/DIO.o
 .bss           0x0000000000000000        0x0 1-MCAL/DIO/DIO.o
 .text.DIO_GetPinValue
                0x0000000000000000       0x84 1-MCAL/DIO/DIO.o
 .text.DIO_SetPortDirection
                0x0000000000000000       0x3c 1-MCAL/DIO/DIO.o
 .text.DIO_SetPortValue
                0x0000000000000000       0x3c 1-MCAL/DIO/DIO.o
 .text          0x0000000000000000        0x0 1-MCAL/DIO/DIO_helper.o
 .data          0x0000000000000000        0x0 1-MCAL/DIO/DIO_helper.o
 .bss           0x0000000000000000        0x0 1-MCAL/DIO/DIO_helper.o
 .debug_line    0x0000000000000000        0x0 1-MCAL/DIO/DIO_helper.o
 .debug_str     0x0000000000000000        0x0 1-MCAL/DIO/DIO_helper.o
 .comment       0x0000000000000000       0x30 1-MCAL/DIO/DIO_helper.o
 .text          0x0000000000000000        0x0 1-MCAL/DIO/DIO_test.o
 .data          0x0000000000000000        0x0 1-MCAL/DIO/DIO_test.o
 .bss           0x0000000000000000        0x0 1-MCAL/DIO/DIO_test.o
 .debug_line    0x0000000000000000        0x0 1-MCAL/DIO/DIO_test.o
 .debug_str     0x0000000000000000        0x0 1-MCAL/DIO/DIO_test.o
 .comment       0x0000000000000000       0x30 1-MCAL/DIO/DIO_test.o
 .text          0x0000000000000000        0x0 1-MCAL/INTERRUPT/INTERRUPT.o
 .data          0x0000000000000000        0x0 1-MCAL/INTERRUPT/INTERRUPT.o
 .bss           0x0000000000000000        0x0 1-MCAL/INTERRUPT/INTERRUPT.o
 .text.EXINT_DisableGlobalInterrupts
                0x0000000000000000        0x4 1-MCAL/INTERRUPT/INTERRUPT.o
 .text          0x0000000000000000        0x0 1-MCAL/TIMER/TIMER.o
 .data          0x0000000000000000        0x0 1-MCAL/TIMER/TIMER.o
 .bss           0x0000000000000000        0x0 1-MCAL/TIMER/TIMER.o
 .text.TIMER_stop
                0x0000000000000000       0x7c 1-MCAL/TIMER/TIMER.o
 .text.TIMER_Get_Ticktime
                0x0000000000000000       0x58 1-MCAL/TIMER/TIMER.o
 .text          0x0000000000000000        0x0 2-ECUAL/HW_TIMER/HW_TIMER.o
 .data          0x0000000000000000        0x0 2-ECUAL/HW_TIMER/HW_TIMER.o
 .bss           0x0000000000000000        0x0 2-ECUAL/HW_TIMER/HW_TIMER.o
 .text          0x0000000000000000        0x0 2-ECUAL/LED/LED.o
 .data          0x0000000000000000        0x0 2-ECUAL/LED/LED.o
 .bss           0x0000000000000000        0x0 2-ECUAL/LED/LED.o
 .text          0x0000000000000000        0x0 2-ECUAL/SWITCH/SWITCH.o
 .data          0x0000000000000000        0x0 2-ECUAL/SWITCH/SWITCH.o
 .bss           0x0000000000000000        0x0 2-ECUAL/SWITCH/SWITCH.o
 .text.SWITCH_read
                0x0000000000000000       0x7a 2-ECUAL/SWITCH/SWITCH.o
 .text          0x0000000000000000        0x0 3-APP/app.o
 .data          0x0000000000000000        0x0 3-APP/app.o
 .bss           0x0000000000000000        0x0 3-APP/app.o
 .text          0x0000000000000000        0x0 main.o
 .data          0x0000000000000000        0x0 main.o
 .bss           0x0000000000000000        0x0 main.o
 .text          0x0000000000000000        0x0 c:/program files/microchip/xc8/v2.36/avr/bin/../lib/gcc/avr/5.4.0/avr5/memx-const\libgcc.a(_tablejump2.o)
 .data          0x0000000000000000        0x0 c:/program files/microchip/xc8/v2.36/avr/bin/../lib/gcc/avr/5.4.0/avr5/memx-const\libgcc.a(_tablejump2.o)
 .bss           0x0000000000000000        0x0 c:/program files/microchip/xc8/v2.36/avr/bin/../lib/gcc/avr/5.4.0/avr5/memx-const\libgcc.a(_tablejump2.o)
 .text.libgcc.mul
                0x0000000000000000        0x0 c:/program files/microchip/xc8/v2.36/avr/bin/../lib/gcc/avr/5.4.0/avr5/memx-const\libgcc.a(_tablejump2.o)
 .text.libgcc.div
                0x0000000000000000        0x0 c:/program files/microchip/xc8/v2.36/avr/bin/../lib/gcc/avr/5.4.0/avr5/memx-const\libgcc.a(_tablejump2.o)
 .text.libgcc.prologue
                0x0000000000000000        0x0 c:/program files/microchip/xc8/v2.36/avr/bin/../lib/gcc/avr/5.4.0/avr5/memx-const\libgcc.a(_tablejump2.o)
 .stack.descriptors
                0x0000000000000000       0x1c c:/program files/microchip/xc8/v2.36/avr/bin/../lib/gcc/avr/5.4.0/avr5/memx-const\libgcc.a(_tablejump2.o)
 .text.libgcc.builtins
                0x0000000000000000        0x0 c:/program files/microchip/xc8/v2.36/avr/bin/../lib/gcc/avr/5.4.0/avr5/memx-const\libgcc.a(_tablejump2.o)
 .text.libgcc.fmul
                0x0000000000000000        0x0 c:/program files/microchip/xc8/v2.36/avr/bin/../lib/gcc/avr/5.4.0/avr5/memx-const\libgcc.a(_tablejump2.o)
 .text.libgcc.fixed
                0x0000000000000000        0x0 c:/program files/microchip/xc8/v2.36/avr/bin/../lib/gcc/avr/5.4.0/avr5/memx-const\libgcc.a(_tablejump2.o)
 .text          0x0000000000000000        0x0 c:/program files/microchip/xc8/v2.36/avr/bin/../lib/gcc/avr/5.4.0/avr5/memx-const\libgcc.a(_copy_data.o)
 .data          0x0000000000000000        0x0 c:/program files/microchip/xc8/v2.36/avr/bin/../lib/gcc/avr/5.4.0/avr5/memx-const\libgcc.a(_copy_data.o)
 .bss           0x0000000000000000        0x0 c:/program files/microchip/xc8/v2.36/avr/bin/../lib/gcc/avr/5.4.0/avr5/memx-const\libgcc.a(_copy_data.o)
 .text.libgcc.mul
                0x0000000000000000        0x0 c:/program files/microchip/xc8/v2.36/avr/bin/../lib/gcc/avr/5.4.0/avr5/memx-const\libgcc.a(_copy_data.o)
 .text.libgcc.div
                0x0000000000000000        0x0 c:/program files/microchip/xc8/v2.36/avr/bin/../lib/gcc/avr/5.4.0/avr5/memx-const\libgcc.a(_copy_data.o)
 .text.libgcc   0x0000000000000000        0x0 c:/program files/microchip/xc8/v2.36/avr/bin/../lib/gcc/avr/5.4.0/avr5/memx-const\libgcc.a(_copy_data.o)
 .text.libgcc.prologue
                0x0000000000000000        0x0 c:/program files/microchip/xc8/v2.36/avr/bin/../lib/gcc/avr/5.4.0/avr5/memx-const\libgcc.a(_copy_data.o)
 .text.libgcc.builtins
                0x0000000000000000        0x0 c:/program files/microchip/xc8/v2.36/avr/bin/../lib/gcc/avr/5.4.0/avr5/memx-const\libgcc.a(_copy_data.o)
 .text.libgcc.fmul
                0x0000000000000000        0x0 c:/program files/microchip/xc8/v2.36/avr/bin/../lib/gcc/avr/5.4.0/avr5/memx-const\libgcc.a(_copy_data.o)
 .text.libgcc.fixed
                0x0000000000000000        0x0 c:/program files/microchip/xc8/v2.36/avr/bin/../lib/gcc/avr/5.4.0/avr5/memx-const\libgcc.a(_copy_data.o)
 .text          0x0000000000000000        0x0 c:/program files/microchip/xc8/v2.36/avr/bin/../lib/gcc/avr/5.4.0/../../../../avr/lib/avr5/memx-const\libc.a(exit.o)
 .data          0x0000000000000000        0x0 c:/program files/microchip/xc8/v2.36/avr/bin/../lib/gcc/avr/5.4.0/../../../../avr/lib/avr5/memx-const\libc.a(exit.o)
 .bss           0x0000000000000000        0x0 c:/program files/microchip/xc8/v2.36/avr/bin/../lib/gcc/avr/5.4.0/../../../../avr/lib/avr5/memx-const\libc.a(exit.o)
 .text          0x0000000000000000        0x0 c:/program files/microchip/xc8/v2.36/avr/bin/../lib/gcc/avr/5.4.0/../../../../avr/lib/avr5/memx-const\libc.a(_Exit.o)
 .data          0x0000000000000000        0x0 c:/program files/microchip/xc8/v2.36/avr/bin/../lib/gcc/avr/5.4.0/../../../../avr/lib/avr5/memx-const\libc.a(_Exit.o)
 .bss           0x0000000000000000        0x0 c:/program files/microchip/xc8/v2.36/avr/bin/../lib/gcc/avr/5.4.0/../../../../avr/lib/avr5/memx-const\libc.a(_Exit.o)
 .text          0x0000000000000000        0x0 c:/program files/microchip/xc8/v2.36/avr/bin/../lib/gcc/avr/5.4.0/avr5/memx-const\libgcc.a(_exit.o)
 .data          0x0000000000000000        0x0 c:/program files/microchip/xc8/v2.36/avr/bin/../lib/gcc/avr/5.4.0/avr5/memx-const\libgcc.a(_exit.o)
 .bss           0x0000000000000000        0x0 c:/program files/microchip/xc8/v2.36/avr/bin/../lib/gcc/avr/5.4.0/avr5/memx-const\libgcc.a(_exit.o)
 .text.libgcc.mul
                0x0000000000000000        0x0 c:/program files/microchip/xc8/v2.36/avr/bin/../lib/gcc/avr/5.4.0/avr5/memx-const\libgcc.a(_exit.o)
 .text.libgcc.div
                0x0000000000000000        0x0 c:/program files/microchip/xc8/v2.36/avr/bin/../lib/gcc/avr/5.4.0/avr5/memx-const\libgcc.a(_exit.o)
 .text.libgcc   0x0000000000000000        0x0 c:/program files/microchip/xc8/v2.36/avr/bin/../lib/gcc/avr/5.4.0/avr5/memx-const\libgcc.a(_exit.o)
 .text.libgcc.prologue
                0x0000000000000000        0x0 c:/program files/microchip/xc8/v2.36/avr/bin/../lib/gcc/avr/5.4.0/avr5/memx-const\libgcc.a(_exit.o)
 .stack.descriptors
                0x0000000000000000       0x13 c:/program files/microchip/xc8/v2.36/avr/bin/../lib/gcc/avr/5.4.0/avr5/memx-const\libgcc.a(_exit.o)
 .text.libgcc.builtins
                0x0000000000000000        0x0 c:/program files/microchip/xc8/v2.36/avr/bin/../lib/gcc/avr/5.4.0/avr5/memx-const\libgcc.a(_exit.o)
 .text.libgcc.fmul
                0x0000000000000000        0x0 c:/program files/microchip/xc8/v2.36/avr/bin/../lib/gcc/avr/5.4.0/avr5/memx-const\libgcc.a(_exit.o)
 .text.libgcc.fixed
                0x0000000000000000        0x0 c:/program files/microchip/xc8/v2.36/avr/bin/../lib/gcc/avr/5.4.0/avr5/memx-const\libgcc.a(_exit.o)

Memory Configuration

Name             Origin             Length             Attributes
text             0x0000000000000000 0x0000000000008000 xr
data             0x0000000000800060 0x0000000000000800 rw !x
eeprom           0x0000000000810000 0x0000000000000400 rw !x
fuse             0x0000000000820000 0x0000000000000002 rw !x
lock             0x0000000000830000 0x0000000000000400 rw !x
signature        0x0000000000840000 0x0000000000000400 rw !x
user_signatures  0x0000000000850000 0x0000000000000400 rw !x
*default*        0x0000000000000000 0xffffffffffffffff

Linker script and memory map

LOAD C:/Program Files (x86)/Atmel/Studio/7.0/Packs/atmel/ATmega_DFP/1.7.374/xc8/avr/lib/avr5/memx-const/crtatmega32.o
LOAD 1-MCAL/DIO/DIO.o
LOAD 1-MCAL/DIO/DIO_helper.o
LOAD 1-MCAL/DIO/DIO_test.o
LOAD 1-MCAL/INTERRUPT/INTERRUPT.o
LOAD 1-MCAL/TIMER/TIMER.o
LOAD 2-ECUAL/HW_TIMER/HW_TIMER.o
LOAD 2-ECUAL/LED/LED.o
LOAD 2-ECUAL/SWITCH/SWITCH.o
LOAD 3-APP/app.o
LOAD main.o
START GROUP
LOAD c:/program files/microchip/xc8/v2.36/avr/bin/../lib/gcc/avr/5.4.0/../../../../avr/lib/avr5/memx-const\libm.a
END GROUP
START GROUP
LOAD c:/program files/microchip/xc8/v2.36/avr/bin/../lib/gcc/avr/5.4.0/avr5/memx-const\libgcc.a
LOAD c:/program files/microchip/xc8/v2.36/avr/bin/../lib/gcc/avr/5.4.0/../../../../avr/lib/avr5/memx-const\libm.a
LOAD c:/program files/microchip/xc8/v2.36/avr/bin/../lib/gcc/avr/5.4.0/../../../../avr/lib/avr5/memx-const\libc.a
LOAD C:/Program Files (x86)/Atmel/Studio/7.0/Packs/atmel/ATmega_DFP/1.7.374/xc8/avr/lib/avr5/memx-const\libatmega32.a
END GROUP
                0x0000000000000000                __TEXT_REGION_ORIGIN__ = DEFINED (__TEXT_REGION_ORIGIN__)?__TEXT_REGION_ORIGIN__:0x0
                [0x0000000000800060]                __DATA_REGION_ORIGIN__ = DEFINED (__DATA_REGION_ORIGIN__)?__DATA_REGION_ORIGIN__:0x800060
                [0x0000000000008000]                __TEXT_REGION_LENGTH__ = DEFINED (__TEXT_REGION_LENGTH__)?__TEXT_REGION_LENGTH__:0x20000
                [0x0000000000000800]                __DATA_REGION_LENGTH__ = DEFINED (__DATA_REGION_LENGTH__)?__DATA_REGION_LENGTH__:0xffa0
                [0x0000000000000400]                __EEPROM_REGION_LENGTH__ = DEFINED (__EEPROM_REGION_LENGTH__)?__EEPROM_REGION_LENGTH__:0x10000
                [0x0000000000000002]                __FUSE_REGION_LENGTH__ = DEFINED (__FUSE_REGION_LENGTH__)?__FUSE_REGION_LENGTH__:0x400
                0x0000000000000400                __LOCK_REGION_LENGTH__ = DEFINED (__LOCK_REGION_LENGTH__)?__LOCK_REGION_LENGTH__:0x400
                0x0000000000000400                __SIGNATURE_REGION_LENGTH__ = DEFINED (__SIGNATURE_REGION_LENGTH__)?__SIGNATURE_REGION_LENGTH__:0x400
                0x0000000000000400                __USER_SIGNATURE_REGION_LENGTH__ = DEFINED (__USER_SIGNATURE_REGION_LENGTH__)?__USER_SIGNATURE_REGION_LENGTH__:0x400

.hash
 *(.hash)

.dynsym
 *(.dynsym)

.dynstr
 *(.dynstr)

.gnu.version
 *(.gnu.version)

.gnu.version_d
 *(.gnu.version_d)

.gnu.version_r
 *(.gnu.version_r)

.rel.init
 *(.rel.init)

.rela.init
 *(.rela.init)

.rel.text
 *(.rel.text)
 *(.rel.text.*)
 *(.rel.gnu.linkonce.t*)

.rela.text
 *(.rela.text)
 *(.rela.text.*)
 *(.rela.gnu.linkonce.t*)

.rel.fini
 *(.rel.fini)

.rela.fini
 *(.rela.fini)

.rel.rodata
 *(.rel.rodata)
 *(.rel.rodata.*)
 *(.rel.gnu.linkonce.r*)

.rela.rodata
 *(.rela.rodata)
 *(.rela.rodata.*)
 *(.rela.gnu.linkonce.r*)

.rel.data
 *(.rel.data)
 *(.rel.data.*)
 *(.rel.gnu.linkonce.d*)

.rela.data
 *(.rela.data)
 *(.rela.data.*)
 *(.rela.gnu.linkonce.d*)

.rel.ctors
 *(.rel.ctors)

.rela.ctors
 *(.rela.ctors)

.rel.dtors
 *(.rel.dtors)

.rela.dtors
 *(.rela.dtors)

.rel.got
 *(.rel.got)

.rela.got
 *(.rela.got)

.rel.bss
 *(.rel.bss)

.rela.bss
 *(.rela.bss)

.rel.plt
 *(.rel.plt)

.rela.plt
 *(.rela.plt)

.text           0x0000000000000000       0xce
 *(.vectors)
 .vectors       0x0000000000000000       0x54 C:/Program Files (x86)/Atmel/Studio/7.0/Packs/atmel/ATmega_DFP/1.7.374/xc8/avr/lib/avr5/memx-const/crtatmega32.o
                0x0000000000000000                __vector_default
                0x0000000000000000                __vectors
 *(.vectors)
 *(.progmem.gcc*)
 .progmem.gcc_sw_table.TIMER_start
                0x0000000000000054       0x20 1-MCAL/TIMER/TIMER.o
 *(.dinit)
 .dinit         0x0000000000000074        0x5 data_init
                0x000000000000007a                . = ALIGN (0x2)
 *fill*         0x0000000000000079        0x1 
                0x000000000000007a                __trampolines_start = .
 *(.trampolines)
 .trampolines   0x000000000000007a        0x0 linker stubs
 *(.trampolines*)
                0x000000000000007a                __trampolines_end = .
 *libprintf_flt.a:*(.progmem.data)
 *libc.a:*(.progmem.data)
                0x000000000000007a                . = ALIGN (0x2)
 *(.jumptables)
 *(.jumptables*)
 *(.lowtext)
 *(.lowtext*)
                0x000000000000007a                __ctors_start = .
 *(.ctors)
                0x000000000000007a                __ctors_end = .
                0x000000000000007a                __dtors_start = .
 *(.dtors)
                0x000000000000007a                __dtors_end = .
 SORT(*)(.ctors)
 SORT(*)(.dtors)
 *(.init0)
 .init0         0x000000000000007a        0x0 C:/Program Files (x86)/Atmel/Studio/7.0/Packs/atmel/ATmega_DFP/1.7.374/xc8/avr/lib/avr5/memx-const/crtatmega32.o
                0x000000000000007a                __init
 *(.init0)
 *(.init1)
 *(.init1)
 *(.init2)
 .init2         0x000000000000007a        0xc C:/Program Files (x86)/Atmel/Studio/7.0/Packs/atmel/ATmega_DFP/1.7.374/xc8/avr/lib/avr5/memx-const/crtatmega32.o
 *(.init2)
 *(.init3)
 *(.init3)
 *(.init4)
 .init4         0x0000000000000086       0x3c c:/program files/microchip/xc8/v2.36/avr/bin/../lib/gcc/avr/5.4.0/avr5/memx-const\libgcc.a(_copy_data.o)
                0x0000000000000086                __do_copy_data
                0x00000000000000b4                __do_clear_bss
 *(.init4)
 *(.init5)
 *(.init5)
 *(.init6)
 *(.init6)
 *(.init7)
 *(.init7)
 *(.init8)
 *(.init8)
 *(.init9)
 .init9         0x00000000000000c2        0x8 C:/Program Files (x86)/Atmel/Studio/7.0/Packs/atmel/ATmega_DFP/1.7.374/xc8/avr/lib/avr5/memx-const/crtatmega32.o
 *(.init9)
                0x00000000000000ca                . = ALIGN (0x2)
 *(.fini9)
 .fini9         0x00000000000000ca        0x0 c:/program files/microchip/xc8/v2.36/avr/bin/../lib/gcc/avr/5.4.0/avr5/memx-const\libgcc.a(_exit.o)
                0x00000000000000ca                _exit
 *(.fini9)
 *(.fini8)
 *(.fini8)
 *(.fini7)
 *(.fini7)
 *(.fini6)
 *(.fini6)
 *(.fini5)
 *(.fini5)
 *(.fini4)
 *(.fini4)
 *(.fini3)
 *(.fini3)
 *(.fini2)
 *(.fini2)
 *(.fini1)
 *(.fini1)
 *(.fini0)
 .fini0         0x00000000000000ca        0x4 c:/program files/microchip/xc8/v2.36/avr/bin/../lib/gcc/avr/5.4.0/avr5/memx-const\libgcc.a(_exit.o)
 *(.fini0)
                0x00000000000000ce                _etext = .

.data           0x0000000000800060        0x0 load address 0x00000000000000ce
                [!provide]                        PROVIDE (__data_start, .)
 *(.gnu.linkonce.d*)
 *(.gnu.linkonce.r*)
                0x0000000000800060                . = ALIGN (0x2)
                0x0000000000800060                _edata = .
                [!provide]                        PROVIDE (__data_end, .)

.bss            0x0000000000800060       0x1e
                [!provide]                        PROVIDE (__bss_start, .)
 *(COMMON)
 COMMON         0x0000000000800060       0x1e 3-APP/app.o
                0x0000000000800060                appMode
                0x0000000000800061                activePedLight
                0x0000000000800062                errLed
                0x0000000000800065                carGreenLed
                0x0000000000800068                pedSwPressed
                0x0000000000800069                pedYellowLed
                0x000000000080006c                pedRedLed
                0x000000000080006f                carYellowLed
                0x0000000000800072                carRedLed
                0x0000000000800075                activeCarLight
                0x0000000000800076                pedGreenLed
                0x0000000000800079                pedSw
                [!provide]                        PROVIDE (__bss_end, .)
                0x00000000000000ce                __data_load_start = LOADADDR (.data)
                0x00000000000000ce                __data_load_end = (__data_load_start + SIZEOF (.data))

.noinit         0x000000000080007e        0x0
                [!provide]                        PROVIDE (__noinit_start, .)
 *(.noinit*)
                [!provide]                        PROVIDE (__noinit_end, .)
                0x000000000080007e                _end = .

.eeprom         0x0000000000810000        0x0
 *(.eeprom*)
                0x0000000000810000                __eeprom_end = .

.fuse
 *(.fuse)
 *(.lfuse)
 *(.hfuse)
 *(.efuse)

.lock
 *(.lock*)

.signature
 *(.signature*)

.user_signatures
 *(.user_signatures*)

.stab
 *(.stab)

.stabstr
 *(.stabstr)

.stab.excl
 *(.stab.excl)

.stab.exclstr
 *(.stab.exclstr)

.stab.index
 *(.stab.index)

.stab.indexstr
 *(.stab.indexstr)

.comment        0x0000000000000000       0x2f
 *(.comment)
 .comment       0x0000000000000000       0x2f 1-MCAL/DIO/DIO.o
                                         0x30 (size before relaxing)
 .comment       0x000000000000002f       0x30 1-MCAL/INTERRUPT/INTERRUPT.o
 .comment       0x000000000000002f       0x30 1-MCAL/TIMER/TIMER.o
 .comment       0x000000000000002f       0x30 2-ECUAL/HW_TIMER/HW_TIMER.o
 .comment       0x000000000000002f       0x30 2-ECUAL/LED/LED.o
 .comment       0x000000000000002f       0x30 2-ECUAL/SWITCH/SWITCH.o
 .comment       0x000000000000002f       0x30 3-APP/app.o
 .comment       0x000000000000002f       0x30 main.o
 .comment       0x000000000000002f       0x30 c:/program files/microchip/xc8/v2.36/avr/bin/../lib/gcc/avr/5.4.0/../../../../avr/lib/avr5/memx-const\libc.a(exit.o)
 .comment       0x000000000000002f       0x30 c:/program files/microchip/xc8/v2.36/avr/bin/../lib/gcc/avr/5.4.0/../../../../avr/lib/avr5/memx-const\libc.a(_Exit.o)

.stack.descriptors.hdr
                0x0000000000000000       0x1c
 .stack.descriptors.hdr
                0x0000000000000000        0xe c:/program files/microchip/xc8/v2.36/avr/bin/../lib/gcc/avr/5.4.0/avr5/memx-const\libgcc.a(_tablejump2.o)
 .stack.descriptors.hdr
                0x000000000000000e        0xe c:/program files/microchip/xc8/v2.36/avr/bin/../lib/gcc/avr/5.4.0/avr5/memx-const\libgcc.a(_exit.o)

.note.GNU-stack
                0x0000000000000000        0x0
 .note.GNU-stack
                0x0000000000000000        0x0 c:/program files/microchip/xc8/v2.36/avr/bin/../lib/gcc/avr/5.4.0/../../../../avr/lib/avr5/memx-const\libc.a(exit.o)
 .note.GNU-stack
                0x0000000000000000        0x0 c:/program files/microchip/xc8/v2.36/avr/bin/../lib/gcc/avr/5.4.0/../../../../avr/lib/avr5/memx-const\libc.a(_Exit.o)

.note.gnu.build-id
 *(.note.gnu.build-id)

.debug
 *(.debug)

.line
 *(.line)

.debug_srcinfo
 *(.debug_srcinfo)

.debug_sfnames
 *(.debug_sfnames)

.debug_aranges  0x0000000000000000      0x1e0
 *(.debug_aranges)
 .debug_aranges
                0x0000000000000000       0x40 1-MCAL/DIO/DIO.o
 .debug_aranges
                0x0000000000000040       0x30 1-MCAL/INTERRUPT/INTERRUPT.o
 .debug_aranges
                0x0000000000000070       0x58 1-MCAL/TIMER/TIMER.o
 .debug_aranges
                0x00000000000000c8       0x38 2-ECUAL/HW_TIMER/HW_TIMER.o
 .debug_aranges
                0x0000000000000100       0x28 2-ECUAL/LED/LED.o
 .debug_aranges
                0x0000000000000128       0x28 2-ECUAL/SWITCH/SWITCH.o
 .debug_aranges
                0x0000000000000150       0x70 3-APP/app.o
 .debug_aranges
                0x00000000000001c0       0x20 main.o

.debug_pubnames
 *(.debug_pubnames)

.debug_info     0x0000000000000000     0x329c
 *(.debug_info .gnu.linkonce.wi.*)
 .debug_info    0x0000000000000000      0x4e6 C:/Program Files (x86)/Atmel/Studio/7.0/Packs/atmel/ATmega_DFP/1.7.374/xc8/avr/lib/avr5/memx-const/crtatmega32.o
 .debug_info    0x00000000000004e6      0x498 1-MCAL/DIO/DIO.o
 .debug_info    0x000000000000097e      0x34d 1-MCAL/INTERRUPT/INTERRUPT.o
 .debug_info    0x0000000000000ccb      0x673 1-MCAL/TIMER/TIMER.o
 .debug_info    0x000000000000133e      0x579 2-ECUAL/HW_TIMER/HW_TIMER.o
 .debug_info    0x00000000000018b7      0x3e4 2-ECUAL/LED/LED.o
 .debug_info    0x0000000000001c9b      0x5db 2-ECUAL/SWITCH/SWITCH.o
 .debug_info    0x0000000000002276      0xb6d 3-APP/app.o
 .debug_info    0x0000000000002de3      0x4b9 main.o

.debug_abbrev   0x0000000000000000      0xca5
 *(.debug_abbrev)
 .debug_abbrev  0x0000000000000000      0x4a3 C:/Program Files (x86)/Atmel/Studio/7.0/Packs/atmel/ATmega_DFP/1.7.374/xc8/avr/lib/avr5/memx-const/crtatmega32.o
 .debug_abbrev  0x00000000000004a3       0xb2 1-MCAL/DIO/DIO.o
 .debug_abbrev  0x0000000000000555       0x94 1-MCAL/INTERRUPT/INTERRUPT.o
 .debug_abbrev  0x00000000000005e9      0x15c 1-MCAL/TIMER/TIMER.o
 .debug_abbrev  0x0000000000000745      0x115 2-ECUAL/HW_TIMER/HW_TIMER.o
 .debug_abbrev  0x000000000000085a       0xfb 2-ECUAL/LED/LED.o
 .debug_abbrev  0x0000000000000955      0x126 2-ECUAL/SWITCH/SWITCH.o
 .debug_abbrev  0x0000000000000a7b      0x17a 3-APP/app.o
 .debug_abbrev  0x0000000000000bf5       0xb0 main.o

.debug_line     0x0000000000000000     0x1bcc
 *(.debug_line .debug_line.* .debug_line_end)
 .debug_line    0x0000000000000000      0x119 C:/Program Files (x86)/Atmel/Studio/7.0/Packs/atmel/ATmega_DFP/1.7.374/xc8/avr/lib/avr5/memx-const/crtatmega32.o
 .debug_line    0x0000000000000119      0x3c4 1-MCAL/DIO/DIO.o
 .debug_line    0x00000000000004dd      0x131 1-MCAL/INTERRUPT/INTERRUPT.o
 .debug_line    0x000000000000060e      0x83c 1-MCAL/TIMER/TIMER.o
 .debug_line    0x0000000000000e4a      0x1ca 2-ECUAL/HW_TIMER/HW_TIMER.o
 .debug_line    0x0000000000001014      0x12d 2-ECUAL/LED/LED.o
 .debug_line    0x0000000000001141      0x2b4 2-ECUAL/SWITCH/SWITCH.o
 .debug_line    0x00000000000013f5      0x6e2 3-APP/app.o
 .debug_line    0x0000000000001ad7       0xf5 main.o

.debug_frame    0x0000000000000000      0x494
 *(.debug_frame)
 .debug_frame   0x0000000000000000       0x64 1-MCAL/DIO/DIO.o
 .debug_frame   0x0000000000000064       0x44 1-MCAL/INTERRUPT/INTERRUPT.o
 .debug_frame   0x00000000000000a8      0x11c 1-MCAL/TIMER/TIMER.o
 .debug_frame   0x00000000000001c4       0xa4 2-ECUAL/HW_TIMER/HW_TIMER.o
 .debug_frame   0x0000000000000268       0x40 2-ECUAL/LED/LED.o
 .debug_frame   0x00000000000002a8       0x74 2-ECUAL/SWITCH/SWITCH.o
 .debug_frame   0x000000000000031c      0x154 3-APP/app.o
 .debug_frame   0x0000000000000470       0x24 main.o

.debug_str      0x0000000000000000      0x3a9
 *(.debug_str)
 .debug_str     0x0000000000000000      0x196 C:/Program Files (x86)/Atmel/Studio/7.0/Packs/atmel/ATmega_DFP/1.7.374/xc8/avr/lib/avr5/memx-const/crtatmega32.o
 .debug_str     0x0000000000000196       0x16 1-MCAL/DIO/DIO.o
 .debug_str     0x00000000000001ac       0x11 1-MCAL/INTERRUPT/INTERRUPT.o
 .debug_str     0x00000000000001bd       0x24 1-MCAL/TIMER/TIMER.o
 .debug_str     0x00000000000001e1       0x72 2-ECUAL/HW_TIMER/HW_TIMER.o
 .debug_str     0x0000000000000253       0x33 2-ECUAL/LED/LED.o
 .debug_str     0x0000000000000286       0x9b 2-ECUAL/SWITCH/SWITCH.o
 .debug_str     0x0000000000000321       0x73 3-APP/app.o
 .debug_str     0x0000000000000394       0x15 main.o

.debug_loc      0x0000000000000000     0x13f1
 *(.debug_loc)
 .debug_loc     0x0000000000000000      0x4f1 1-MCAL/DIO/DIO.o
 .debug_loc     0x00000000000004f1       0x85 1-MCAL/INTERRUPT/INTERRUPT.o
 .debug_loc     0x0000000000000576      0x33d 1-MCAL/TIMER/TIMER.o
 .debug_loc     0x00000000000008b3      0x34d 2-ECUAL/HW_TIMER/HW_TIMER.o
 .debug_loc     0x0000000000000c00       0x8b 2-ECUAL/LED/LED.o
 .debug_loc     0x0000000000000c8b      0x2c3 2-ECUAL/SWITCH/SWITCH.o
 .debug_loc     0x0000000000000f4e      0x4a3 3-APP/app.o

.debug_macinfo
 *(.debug_macinfo)

.debug_weaknames
 *(.debug_weaknames)

.debug_funcnames
 *(.debug_funcnames)

.debug_typenames
 *(.debug_typenames)

.debug_varnames
 *(.debug_varnames)

.debug_pubtypes
 *(.debug_pubtypes)

.debug_ranges   0x0000000000000000      0x190
 *(.debug_ranges)
 .debug_ranges  0x0000000000000000       0x30 1-MCAL/DIO/DIO.o
 .debug_ranges  0x0000000000000030       0x20 1-MCAL/INTERRUPT/INTERRUPT.o
 .debug_ranges  0x0000000000000050       0x60 1-MCAL/TIMER/TIMER.o
 .debug_ranges  0x00000000000000b0       0x40 2-ECUAL/HW_TIMER/HW_TIMER.o
 .debug_ranges  0x00000000000000f0       0x18 2-ECUAL/LED/LED.o
 .debug_ranges  0x0000000000000108       0x18 2-ECUAL/SWITCH/SWITCH.o
 .debug_ranges  0x0000000000000120       0x60 3-APP/app.o
 .debug_ranges  0x0000000000000180       0x10 main.o

.debug_macro
 *(.debug_macro)
OUTPUT(Traffic_Lights_AVR_SW.elf elf32-avr)
LOAD linker stubs
LOAD data_init

.note.gnu.avr.deviceinfo
                0x0000000000000000       0x3c
 .note.gnu.avr.deviceinfo
                0x0000000000000000       0x3c C:/Program Files (x86)/Atmel/Studio/7.0/Packs/atmel/ATmega_DFP/1.7.374/xc8/avr/lib/avr5/memx-const/crtatmega32.o

.text.TIMER_init
                0x00000000000000ce      0x236
 .text.TIMER_init
                0x00000000000000ce      0x236 1-MCAL/TIMER/TIMER.o
                0x00000000000000ce                TIMER_init

.text.TIMER_start
                0x0000000000000304      0x22c
 .text.TIMER_start
                0x0000000000000304      0x22c 1-MCAL/TIMER/TIMER.o
                0x0000000000000304                TIMER_start

.text.appSetup  0x0000000000000530      0x138
 .text.appSetup
                0x0000000000000530      0x138 3-APP/app.o
                0x0000000000000530                appSetup

.text.activatePedLight
                0x0000000000000668      0x11e
 .text.activatePedLight
                0x0000000000000668      0x11e 3-APP/app.o
                0x0000000000000668                activatePedLight

.text.DIO_SetPinValue
                0x0000000000000786      0x11a
 .text.DIO_SetPinValue
                0x0000000000000786      0x11a 1-MCAL/DIO/DIO.o
                0x0000000000000786                DIO_SetPinValue

.text.DIO_SetPinDirection
                0x00000000000008a0      0x11a
 .text.DIO_SetPinDirection
                0x00000000000008a0      0x11a 1-MCAL/DIO/DIO.o
                0x00000000000008a0                DIO_SetPinDirection

.text.SWITCH_init
                0x00000000000009ba       0xfc
 .text.SWITCH_init
                0x00000000000009ba       0xfc 2-ECUAL/SWITCH/SWITCH.o
                0x00000000000009ba                SWITCH_init

.text.activateCarLight
                0x0000000000000ab6       0xe6
 .text.activateCarLight
                0x0000000000000ab6       0xe6 3-APP/app.o
                0x0000000000000ab6                activateCarLight

.text.TIMER_SecDelay
                0x0000000000000b9c       0xaa
 .text.TIMER_SecDelay
                0x0000000000000b9c       0xaa 1-MCAL/TIMER/TIMER.o
                0x0000000000000b9c                TIMER_SecDelay

.text.blink2Leds
                0x0000000000000c46       0x96
 .text.blink2Leds
                0x0000000000000c46       0x96 3-APP/app.o
                0x0000000000000c46                blink2Leds

.text.TIMER_Get_FlagStatus
                0x0000000000000cdc       0x92
 .text.TIMER_Get_FlagStatus
                0x0000000000000cdc       0x92 1-MCAL/TIMER/TIMER.o
                0x0000000000000cdc                TIMER_Get_FlagStatus

.text.pedMode   0x0000000000000d6e       0x86
 .text.pedMode  0x0000000000000d6e       0x86 3-APP/app.o
                0x0000000000000d6e                pedMode

.text.TIMER_Flag_Reset
                0x0000000000000df4       0x80
 .text.TIMER_Flag_Reset
                0x0000000000000df4       0x80 1-MCAL/TIMER/TIMER.o
                0x0000000000000df4                TIMER_Flag_Reset

.text.HW_Timer_wait
                0x0000000000000e74       0x66
 .text.HW_Timer_wait
                0x0000000000000e74       0x66 2-ECUAL/HW_TIMER/HW_TIMER.o
                0x0000000000000e74                HW_Timer_wait

.text.blinkLed  0x0000000000000eda       0x62
 .text.blinkLed
                0x0000000000000eda       0x62 3-APP/app.o
                0x0000000000000eda                blinkLed

.text.__vector_1
                0x0000000000000f3c       0x60
 .text.__vector_1
                0x0000000000000f3c       0x60 3-APP/app.o
                0x0000000000000f3c                __vector_1

.text.EXINT_InitInterrupt
                0x0000000000000f9c       0x54
 .text.EXINT_InitInterrupt
                0x0000000000000f9c       0x54 1-MCAL/INTERRUPT/INTERRUPT.o
                0x0000000000000f9c                EXINT_InitInterrupt

.text.HW_Timer_init
                0x0000000000000ff0       0x52
 .text.HW_Timer_init
                0x0000000000000ff0       0x52 2-ECUAL/HW_TIMER/HW_TIMER.o
                0x0000000000000ff0                HW_Timer_init

.text.normalMode
                0x0000000000001042       0x46
 .text.normalMode
                0x0000000000001042       0x46 3-APP/app.o
                0x0000000000001042                normalMode

.text.TIMER_Reset
                0x0000000000001088       0x3c
 .text.TIMER_Reset
                0x0000000000001088       0x3c 1-MCAL/TIMER/TIMER.o
                0x0000000000001088                TIMER_Reset

.text.HW_Timer_start
                0x00000000000010c4       0x3c
 .text.HW_Timer_start
                0x00000000000010c4       0x3c 2-ECUAL/HW_TIMER/HW_TIMER.o
                0x00000000000010c4                HW_Timer_start

.text.HW_Timer_reset
                0x0000000000001100       0x3a
 .text.HW_Timer_reset
                0x0000000000001100       0x3a 2-ECUAL/HW_TIMER/HW_TIMER.o
                0x0000000000001100                HW_Timer_reset

.text.LED_init  0x000000000000113a       0x34
 .text.LED_init
                0x000000000000113a       0x34 2-ECUAL/LED/LED.o
                0x000000000000113a                LED_init

.text.LED_write
                0x000000000000116e       0x26
 .text.LED_write
                0x000000000000116e       0x26 2-ECUAL/LED/LED.o
                0x000000000000116e                LED_write

.text.raiseError
                0x0000000000001194       0x18
 .text.raiseError
                0x0000000000001194       0x18 3-APP/app.o
                0x0000000000001194                raiseError

.text.app       0x00000000000011ac       0x18
 .text.app      0x00000000000011ac       0x18 3-APP/app.o
                0x00000000000011ac                app

.text.exit      0x00000000000011c4       0x16
 .text.exit     0x00000000000011c4       0x16 c:/program files/microchip/xc8/v2.36/avr/bin/../lib/gcc/avr/5.4.0/../../../../avr/lib/avr5/memx-const\libc.a(exit.o)
                0x00000000000011c4                exit

.text.libgcc    0x00000000000011da        0xc
 .text.libgcc   0x00000000000011da        0xc c:/program files/microchip/xc8/v2.36/avr/bin/../lib/gcc/avr/5.4.0/avr5/memx-const\libgcc.a(_tablejump2.o)
                0x00000000000011da                __tablejump2__

.text.APP_start
                0x00000000000011e6        0xa
 .text.APP_start
                0x00000000000011e6        0xa 3-APP/app.o
                0x00000000000011e6                APP_start

.text.main      0x00000000000011f0        0x6
 .text.main     0x00000000000011f0        0x6 main.o
                0x00000000000011f0                main

.text           0x00000000000011f6        0x4
 .text          0x00000000000011f6        0x4 C:/Program Files (x86)/Atmel/Studio/7.0/Packs/atmel/ATmega_DFP/1.7.374/xc8/avr/lib/avr5/memx-const/crtatmega32.o
                0x00000000000011f6                __vector_12
                0x00000000000011f6                __bad_interrupt
                0x00000000000011f6                __vector_6
                0x00000000000011f6                __vector_3
                0x00000000000011f6                __vector_11
                0x00000000000011f6                __vector_13
                0x00000000000011f6                __vector_17
                0x00000000000011f6                __vector_19
                0x00000000000011f6                __vector_7
                0x00000000000011f6                __vector_5
                0x00000000000011f6                __vector_4
                0x00000000000011f6                __vector_9
                0x00000000000011f6                __vector_2
                0x00000000000011f6                __vector_15
                0x00000000000011f6                __vector_8
                0x00000000000011f6                __vector_14
                0x00000000000011f6                __vector_10
                0x00000000000011f6                __vector_16
                0x00000000000011f6                __vector_18
                0x00000000000011f6                __vector_20

.text.EXINT_EnableGlobalInterrupts
                0x00000000000011fa        0x4
 .text.EXINT_EnableGlobalInterrupts
                0x00000000000011fa        0x4 1-MCAL/INTERRUPT/INTERRUPT.o
                0x00000000000011fa                EXINT_EnableGlobalInterrupts

.text._Exit     0x00000000000011fe        0x4
 .text._Exit    0x00000000000011fe        0x4 c:/program files/microchip/xc8/v2.36/avr/bin/../lib/gcc/avr/5.4.0/../../../../avr/lib/avr5/memx-const\libc.a(_Exit.o)
                0x00000000000011fe                _Exit

.text.__dummy_fini
                0x0000000000001202        0x2
 .text.__dummy_fini
                0x0000000000001202        0x2 c:/program files/microchip/xc8/v2.36/avr/bin/../lib/gcc/avr/5.4.0/../../../../avr/lib/avr5/memx-const\libc.a(exit.o)
                0x0000000000001202                _fini

.text.__dummy_funcs_on_exit
                0x0000000000001204        0x2
 .text.__dummy_funcs_on_exit
                0x0000000000001204        0x2 c:/program files/microchip/xc8/v2.36/avr/bin/../lib/gcc/avr/5.4.0/../../../../avr/lib/avr5/memx-const\libc.a(exit.o)
                0x0000000000001204                __funcs_on_exit

.text.__dummy_simulator_exit
                0x0000000000001206        0x2
 .text.__dummy_simulator_exit
                0x0000000000001206        0x2 c:/program files/microchip/xc8/v2.36/avr/bin/../lib/gcc/avr/5.4.0/../../../../avr/lib/avr5/memx-const\libc.a(exit.o)
                0x0000000000001206                __simulator_exit
